%!Adobe-FontList 1.22
%Locale:0x409

%BeginFont
Handler:DirectoryHandler
FontType:Invalid
OutlineFileName:E:\Design\Projects\Kaaj08\Font\font.css
FileModTime:1603769187
%EndFont

%BeginFont
Handler:DirectoryHandler
FontType:Invalid
OutlineFileName:E:\Design\Projects\Kaaj08\Font\glasical.eot
FileModTime:1603747434
%EndFont

%BeginFont
Handler:DirectoryHandler
FontType:Invalid
OutlineFileName:E:\Design\Projects\Kaaj08\Font\glasical.svg
FileModTime:1603747434
%EndFont

%BeginFont
Handler:DirectoryHandler
FontType:TrueType
FontName:GlacialIndifference-Regular
FamilyName:Glacial Indifference
StyleName:Regular
FullName:Glacial Indifference Regular
MenuName:Glacial Indifference
StyleBits:0
WritingScript:Roman
OutlineFileName:E:\Design\Projects\Kaaj08\Font\glasical.ttf
DataFormat:sfntData
hasSVG:no
VariableFontType:NonVariableFont
FileLength:33084
FileModTime:1603747434
WeightClass:400
WidthClass:5
AngleClass:0
NameArray:0,Mac,4,Glacial Indifference Regular
NameArray:0,Win,1,Glacial Indifference
%EndFont

%BeginFont
Handler:DirectoryHandler
FontType:Invalid
OutlineFileName:E:\Design\Projects\Kaaj08\Font\glasical.woff
FileModTime:1603747434
%EndFont

%BeginFont
Handler:DirectoryHandler
FontType:Invalid
OutlineFileName:E:\Design\Projects\Kaaj08\Font\muli.eot
FileModTime:1603746414
%EndFont

%BeginFont
Handler:DirectoryHandler
FontType:Invalid
OutlineFileName:E:\Design\Projects\Kaaj08\Font\muli.svg
FileModTime:1603746414
%EndFont

%BeginFont
Handler:DirectoryHandler
FontType:TrueType
FontName:Muli
FamilyName:Muli
StyleName:Regular
FullName:Muli
MenuName:Muli
StyleBits:0
WritingScript:Roman
OutlineFileName:E:\Design\Projects\Kaaj08\Font\muli.ttf
DataFormat:sfntData
hasSVG:no
VariableFontType:NonVariableFont
FileLength:49008
FileModTime:1603731892
WeightClass:400
WidthClass:5
AngleClass:0
NameArray:0,Mac,4,Muli
NameArray:0,Win,1,Muli
NameArray:0,Win,16,Muli
%EndFont

%BeginFont
Handler:DirectoryHandler
FontType:Invalid
OutlineFileName:E:\Design\Projects\Kaaj08\Font\muli.woff
FileModTime:1603746414
%EndFont

